Archive member included because of file (symbol)

c:/program files (x86)/atmel/atmel toolchain/avr8 gcc/native/3.4.2.1002/avr8-gnu-toolchain/bin/../lib/gcc/avr/4.7.2/avr5\libgcc.a(_udivmodhi4.o)
                              src/Sharp_IR.o (__udivmodhi4)
c:/program files (x86)/atmel/atmel toolchain/avr8 gcc/native/3.4.2.1002/avr8-gnu-toolchain/bin/../lib/gcc/avr/4.7.2/avr5\libgcc.a(_divmodhi4.o)
                              src/Ultrasonic.o (__divmodhi4)
c:/program files (x86)/atmel/atmel toolchain/avr8 gcc/native/3.4.2.1002/avr8-gnu-toolchain/bin/../lib/gcc/avr/4.7.2/avr5\libgcc.a(_exit.o)
                              c:/program files (x86)/atmel/atmel toolchain/avr8 gcc/native/3.4.2.1002/avr8-gnu-toolchain/bin/../lib/gcc/avr/4.7.2/../../../../avr/lib/avr5/crtm32.o (exit)

Discarded input sections

 .bss           0x00000000        0x0 c:/program files (x86)/atmel/atmel toolchain/avr8 gcc/native/3.4.2.1002/avr8-gnu-toolchain/bin/../lib/gcc/avr/4.7.2/../../../../avr/lib/avr5/crtm32.o
 .group         0x00000000        0x8 src/I2C.o
 .group         0x00000000        0x8 src/I2C.o
 .group         0x00000000        0x8 src/I2C.o
 .group         0x00000000        0x8 src/I2C.o
 .group         0x00000000        0x8 src/I2C.o
 .group         0x00000000        0x8 src/I2C.o
 .group         0x00000000        0x8 src/I2C.o
 .group         0x00000000        0x8 src/I2C.o
 .group         0x00000000        0x8 src/I2C.o
 .group         0x00000000        0x8 src/I2C.o
 .group         0x00000000        0x8 src/I2C.o
 .group         0x00000000        0x8 src/I2C.o
 .text          0x00000000        0x0 src/I2C.o
 .bss           0x00000000        0x0 src/I2C.o
 .text.I2C_Start_Wait
                0x00000000       0x44 src/I2C.o
 .text.I2C_Rep_Start
                0x00000000        0x4 src/I2C.o
 .text.I2C_ReadAck
                0x00000000        0xe src/I2C.o
 .text.I2C_ReadNak
                0x00000000        0xe src/I2C.o
 .group         0x00000000        0x8 src/LCD_Disp.o
 .group         0x00000000        0x8 src/LCD_Disp.o
 .group         0x00000000        0x8 src/LCD_Disp.o
 .group         0x00000000        0x8 src/LCD_Disp.o
 .group         0x00000000        0x8 src/LCD_Disp.o
 .group         0x00000000        0x8 src/LCD_Disp.o
 .group         0x00000000        0x8 src/LCD_Disp.o
 .group         0x00000000        0x8 src/LCD_Disp.o
 .group         0x00000000        0x8 src/LCD_Disp.o
 .group         0x00000000        0x8 src/LCD_Disp.o
 .group         0x00000000        0x8 src/LCD_Disp.o
 .group         0x00000000        0x8 src/LCD_Disp.o
 .group         0x00000000        0x8 src/LCD_Disp.o
 .group         0x00000000        0x8 src/LCD_Disp.o
 .group         0x00000000        0x8 src/LCD_Disp.o
 .group         0x00000000        0x8 src/LCD_Disp.o
 .group         0x00000000        0x8 src/LCD_Disp.o
 .group         0x00000000        0x8 src/LCD_Disp.o
 .group         0x00000000        0x8 src/LCD_Disp.o
 .group         0x00000000        0x8 src/LCD_Disp.o
 .group         0x00000000        0x8 src/LCD_Disp.o
 .group         0x00000000        0x8 src/LCD_Disp.o
 .group         0x00000000        0x8 src/LCD_Disp.o
 .group         0x00000000        0x8 src/LCD_Disp.o
 .group         0x00000000        0x8 src/LCD_Disp.o
 .group         0x00000000        0x8 src/LCD_Disp.o
 .group         0x00000000        0x8 src/LCD_Disp.o
 .group         0x00000000        0x8 src/LCD_Disp.o
 .group         0x00000000        0x8 src/LCD_Disp.o
 .text          0x00000000        0x0 src/LCD_Disp.o
 .bss           0x00000000        0x0 src/LCD_Disp.o
 .text.LCD_Clear
                0x00000000        0x8 src/LCD_Disp.o
 .text.LCD_Home
                0x00000000       0x12 src/LCD_Disp.o
 .text.LCD_Shift
                0x00000000       0x3c src/LCD_Disp.o
 .text.LCD_On   0x00000000       0x1c src/LCD_Disp.o
 .debug_macro   0x00000000      0x5aa src/LCD_Disp.o
 .debug_macro   0x00000000      0x1ad src/LCD_Disp.o
 .debug_macro   0x00000000      0x293 src/LCD_Disp.o
 .debug_macro   0x00000000      0xbfa src/LCD_Disp.o
 .debug_macro   0x00000000      0x170 src/LCD_Disp.o
 .debug_macro   0x00000000       0xbd src/LCD_Disp.o
 .debug_macro   0x00000000       0x34 src/LCD_Disp.o
 .debug_macro   0x00000000       0x18 src/LCD_Disp.o
 .debug_macro   0x00000000       0x6c src/LCD_Disp.o
 .debug_macro   0x00000000       0x10 src/LCD_Disp.o
 .group         0x00000000        0x8 src/LED_Disp.o
 .group         0x00000000        0x8 src/LED_Disp.o
 .group         0x00000000        0x8 src/LED_Disp.o
 .group         0x00000000        0x8 src/LED_Disp.o
 .group         0x00000000        0x8 src/LED_Disp.o
 .group         0x00000000        0x8 src/LED_Disp.o
 .group         0x00000000        0x8 src/LED_Disp.o
 .group         0x00000000        0x8 src/LED_Disp.o
 .group         0x00000000        0x8 src/LED_Disp.o
 .group         0x00000000        0x8 src/LED_Disp.o
 .group         0x00000000        0x8 src/LED_Disp.o
 .group         0x00000000        0x8 src/LED_Disp.o
 .group         0x00000000        0x8 src/LED_Disp.o
 .group         0x00000000        0x8 src/LED_Disp.o
 .group         0x00000000        0x8 src/LED_Disp.o
 .group         0x00000000        0x8 src/LED_Disp.o
 .group         0x00000000        0x8 src/LED_Disp.o
 .group         0x00000000        0x8 src/LED_Disp.o
 .group         0x00000000        0x8 src/LED_Disp.o
 .group         0x00000000        0x8 src/LED_Disp.o
 .group         0x00000000        0x8 src/LED_Disp.o
 .group         0x00000000        0x8 src/LED_Disp.o
 .group         0x00000000        0x8 src/LED_Disp.o
 .group         0x00000000        0x8 src/LED_Disp.o
 .group         0x00000000        0x8 src/LED_Disp.o
 .group         0x00000000        0x8 src/LED_Disp.o
 .group         0x00000000        0x8 src/LED_Disp.o
 .group         0x00000000        0x8 src/LED_Disp.o
 .text          0x00000000        0x0 src/LED_Disp.o
 .bss           0x00000000        0x0 src/LED_Disp.o
 .text.LED_Write
                0x00000000       0x1c src/LED_Disp.o
 .text.LED_init
                0x00000000      0x142 src/LED_Disp.o
 .text.LED_Clear
                0x00000000        0xe src/LED_Disp.o
 .debug_macro   0x00000000      0x5aa src/LED_Disp.o
 .debug_macro   0x00000000       0x10 src/LED_Disp.o
 .debug_macro   0x00000000      0x1ad src/LED_Disp.o
 .debug_macro   0x00000000      0x293 src/LED_Disp.o
 .debug_macro   0x00000000       0x9e src/LED_Disp.o
 .debug_macro   0x00000000      0xbfa src/LED_Disp.o
 .debug_macro   0x00000000      0x170 src/LED_Disp.o
 .debug_macro   0x00000000       0xbd src/LED_Disp.o
 .debug_macro   0x00000000       0x34 src/LED_Disp.o
 .debug_macro   0x00000000       0x18 src/LED_Disp.o
 .debug_macro   0x00000000       0x6c src/LED_Disp.o
 .debug_macro   0x00000000       0x22 src/LED_Disp.o
 .debug_macro   0x00000000      0x16c src/LED_Disp.o
 .debug_macro   0x00000000       0x1c src/LED_Disp.o
 .debug_macro   0x00000000       0x35 src/LED_Disp.o
 .debug_macro   0x00000000       0x51 src/LED_Disp.o
 .debug_macro   0x00000000      0x2ee src/LED_Disp.o
 .debug_macro   0x00000000       0x44 src/LED_Disp.o
 .debug_macro   0x00000000       0x69 src/LED_Disp.o
 .debug_macro   0x00000000       0x2c src/LED_Disp.o
 .debug_macro   0x00000000       0x10 src/LED_Disp.o
 .debug_macro   0x00000000       0xd4 src/LED_Disp.o
 .debug_macro   0x00000000       0x40 src/LED_Disp.o
 .debug_macro   0x00000000      0x100 src/LED_Disp.o
 .debug_macro   0x00000000      0x1dd src/LED_Disp.o
 .debug_macro   0x00000000       0x10 src/LED_Disp.o
 .debug_macro   0x00000000      0x167 src/LED_Disp.o
 .group         0x00000000        0x8 src/main.o
 .group         0x00000000        0x8 src/main.o
 .group         0x00000000        0x8 src/main.o
 .group         0x00000000        0x8 src/main.o
 .group         0x00000000        0x8 src/main.o
 .group         0x00000000        0x8 src/main.o
 .group         0x00000000        0x8 src/main.o
 .group         0x00000000        0x8 src/main.o
 .group         0x00000000        0x8 src/main.o
 .group         0x00000000        0x8 src/main.o
 .group         0x00000000        0x8 src/main.o
 .group         0x00000000        0x8 src/main.o
 .group         0x00000000        0x8 src/main.o
 .group         0x00000000        0x8 src/main.o
 .group         0x00000000        0x8 src/main.o
 .group         0x00000000        0x8 src/main.o
 .group         0x00000000        0x8 src/main.o
 .group         0x00000000        0x8 src/main.o
 .group         0x00000000        0x8 src/main.o
 .group         0x00000000        0x8 src/main.o
 .group         0x00000000        0x8 src/main.o
 .group         0x00000000        0x8 src/main.o
 .group         0x00000000        0x8 src/main.o
 .group         0x00000000        0x8 src/main.o
 .group         0x00000000        0x8 src/main.o
 .group         0x00000000        0x8 src/main.o
 .group         0x00000000        0x8 src/main.o
 .group         0x00000000        0x8 src/main.o
 .group         0x00000000        0x8 src/main.o
 .group         0x00000000        0x8 src/main.o
 .group         0x00000000        0x8 src/main.o
 .group         0x00000000        0x8 src/main.o
 .text          0x00000000        0x0 src/main.o
 .bss           0x00000000        0x0 src/main.o
 .debug_macro   0x00000000      0x5aa src/main.o
 .debug_macro   0x00000000       0x10 src/main.o
 .debug_macro   0x00000000      0x1ad src/main.o
 .debug_macro   0x00000000      0x293 src/main.o
 .debug_macro   0x00000000       0x9e src/main.o
 .debug_macro   0x00000000      0xbfa src/main.o
 .debug_macro   0x00000000      0x170 src/main.o
 .debug_macro   0x00000000       0xbd src/main.o
 .debug_macro   0x00000000       0x34 src/main.o
 .debug_macro   0x00000000       0x18 src/main.o
 .debug_macro   0x00000000       0x6c src/main.o
 .debug_macro   0x00000000       0x22 src/main.o
 .debug_macro   0x00000000      0x16c src/main.o
 .debug_macro   0x00000000       0x1c src/main.o
 .debug_macro   0x00000000       0x35 src/main.o
 .debug_macro   0x00000000       0x51 src/main.o
 .debug_macro   0x00000000      0x2ee src/main.o
 .debug_macro   0x00000000       0x44 src/main.o
 .debug_macro   0x00000000       0x69 src/main.o
 .debug_macro   0x00000000       0x2c src/main.o
 .debug_macro   0x00000000       0x10 src/main.o
 .debug_macro   0x00000000       0xd4 src/main.o
 .debug_macro   0x00000000       0x40 src/main.o
 .debug_macro   0x00000000      0x100 src/main.o
 .debug_macro   0x00000000      0x1dd src/main.o
 .debug_macro   0x00000000       0x64 src/main.o
 .debug_macro   0x00000000       0x10 src/main.o
 .debug_macro   0x00000000       0x3a src/main.o
 .debug_macro   0x00000000       0x10 src/main.o
 .debug_macro   0x00000000      0x167 src/main.o
 .group         0x00000000        0x8 src/ASF/mega/boards/stk600/rcx_x/init.o
 .group         0x00000000        0x8 src/ASF/mega/boards/stk600/rcx_x/init.o
 .group         0x00000000        0x8 src/ASF/mega/boards/stk600/rcx_x/init.o
 .group         0x00000000        0x8 src/ASF/mega/boards/stk600/rcx_x/init.o
 .group         0x00000000        0x8 src/ASF/mega/boards/stk600/rcx_x/init.o
 .group         0x00000000        0x8 src/ASF/mega/boards/stk600/rcx_x/init.o
 .group         0x00000000        0x8 src/ASF/mega/boards/stk600/rcx_x/init.o
 .group         0x00000000        0x8 src/ASF/mega/boards/stk600/rcx_x/init.o
 .group         0x00000000        0x8 src/ASF/mega/boards/stk600/rcx_x/init.o
 .group         0x00000000        0x8 src/ASF/mega/boards/stk600/rcx_x/init.o
 .group         0x00000000        0x8 src/ASF/mega/boards/stk600/rcx_x/init.o
 .group         0x00000000        0x8 src/ASF/mega/boards/stk600/rcx_x/init.o
 .group         0x00000000        0x8 src/ASF/mega/boards/stk600/rcx_x/init.o
 .group         0x00000000        0x8 src/ASF/mega/boards/stk600/rcx_x/init.o
 .group         0x00000000        0x8 src/ASF/mega/boards/stk600/rcx_x/init.o
 .group         0x00000000        0x8 src/ASF/mega/boards/stk600/rcx_x/init.o
 .group         0x00000000        0x8 src/ASF/mega/boards/stk600/rcx_x/init.o
 .group         0x00000000        0x8 src/ASF/mega/boards/stk600/rcx_x/init.o
 .group         0x00000000        0x8 src/ASF/mega/boards/stk600/rcx_x/init.o
 .group         0x00000000        0x8 src/ASF/mega/boards/stk600/rcx_x/init.o
 .group         0x00000000        0x8 src/ASF/mega/boards/stk600/rcx_x/init.o
 .group         0x00000000        0x8 src/ASF/mega/boards/stk600/rcx_x/init.o
 .group         0x00000000        0x8 src/ASF/mega/boards/stk600/rcx_x/init.o
 .group         0x00000000        0x8 src/ASF/mega/boards/stk600/rcx_x/init.o
 .group         0x00000000        0x8 src/ASF/mega/boards/stk600/rcx_x/init.o
 .text          0x00000000        0x0 src/ASF/mega/boards/stk600/rcx_x/init.o
 .bss           0x00000000        0x0 src/ASF/mega/boards/stk600/rcx_x/init.o
 .text.board_init
                0x00000000        0x2 src/ASF/mega/boards/stk600/rcx_x/init.o
 .debug_macro   0x00000000      0x5aa src/ASF/mega/boards/stk600/rcx_x/init.o
 .debug_macro   0x00000000       0x10 src/ASF/mega/boards/stk600/rcx_x/init.o
 .debug_macro   0x00000000      0x1ad src/ASF/mega/boards/stk600/rcx_x/init.o
 .debug_macro   0x00000000      0x293 src/ASF/mega/boards/stk600/rcx_x/init.o
 .debug_macro   0x00000000       0x9e src/ASF/mega/boards/stk600/rcx_x/init.o
 .debug_macro   0x00000000      0xbfa src/ASF/mega/boards/stk600/rcx_x/init.o
 .debug_macro   0x00000000      0x170 src/ASF/mega/boards/stk600/rcx_x/init.o
 .debug_macro   0x00000000       0xbd src/ASF/mega/boards/stk600/rcx_x/init.o
 .debug_macro   0x00000000       0x34 src/ASF/mega/boards/stk600/rcx_x/init.o
 .debug_macro   0x00000000       0x18 src/ASF/mega/boards/stk600/rcx_x/init.o
 .debug_macro   0x00000000       0x6c src/ASF/mega/boards/stk600/rcx_x/init.o
 .debug_macro   0x00000000       0x22 src/ASF/mega/boards/stk600/rcx_x/init.o
 .debug_macro   0x00000000      0x16c src/ASF/mega/boards/stk600/rcx_x/init.o
 .debug_macro   0x00000000       0x1c src/ASF/mega/boards/stk600/rcx_x/init.o
 .debug_macro   0x00000000       0x35 src/ASF/mega/boards/stk600/rcx_x/init.o
 .debug_macro   0x00000000       0x51 src/ASF/mega/boards/stk600/rcx_x/init.o
 .debug_macro   0x00000000      0x2ee src/ASF/mega/boards/stk600/rcx_x/init.o
 .debug_macro   0x00000000       0x44 src/ASF/mega/boards/stk600/rcx_x/init.o
 .debug_macro   0x00000000       0x69 src/ASF/mega/boards/stk600/rcx_x/init.o
 .debug_macro   0x00000000       0x2c src/ASF/mega/boards/stk600/rcx_x/init.o
 .debug_macro   0x00000000       0x10 src/ASF/mega/boards/stk600/rcx_x/init.o
 .debug_macro   0x00000000       0xd4 src/ASF/mega/boards/stk600/rcx_x/init.o
 .debug_macro   0x00000000       0x40 src/ASF/mega/boards/stk600/rcx_x/init.o
 .debug_macro   0x00000000      0x100 src/ASF/mega/boards/stk600/rcx_x/init.o
 .debug_macro   0x00000000      0x1dd src/ASF/mega/boards/stk600/rcx_x/init.o
 .group         0x00000000        0x8 src/Sharp_IR.o
 .group         0x00000000        0x8 src/Sharp_IR.o
 .group         0x00000000        0x8 src/Sharp_IR.o
 .group         0x00000000        0x8 src/Sharp_IR.o
 .group         0x00000000        0x8 src/Sharp_IR.o
 .group         0x00000000        0x8 src/Sharp_IR.o
 .group         0x00000000        0x8 src/Sharp_IR.o
 .group         0x00000000        0x8 src/Sharp_IR.o
 .group         0x00000000        0x8 src/Sharp_IR.o
 .group         0x00000000        0x8 src/Sharp_IR.o
 .group         0x00000000        0x8 src/Sharp_IR.o
 .group         0x00000000        0x8 src/Sharp_IR.o
 .group         0x00000000        0x8 src/Sharp_IR.o
 .group         0x00000000        0x8 src/Sharp_IR.o
 .group         0x00000000        0x8 src/Sharp_IR.o
 .group         0x00000000        0x8 src/Sharp_IR.o
 .group         0x00000000        0x8 src/Sharp_IR.o
 .group         0x00000000        0x8 src/Sharp_IR.o
 .group         0x00000000        0x8 src/Sharp_IR.o
 .group         0x00000000        0x8 src/Sharp_IR.o
 .group         0x00000000        0x8 src/Sharp_IR.o
 .group         0x00000000        0x8 src/Sharp_IR.o
 .group         0x00000000        0x8 src/Sharp_IR.o
 .group         0x00000000        0x8 src/Sharp_IR.o
 .group         0x00000000        0x8 src/Sharp_IR.o
 .group         0x00000000        0x8 src/Sharp_IR.o
 .group         0x00000000        0x8 src/Sharp_IR.o
 .group         0x00000000        0x8 src/Sharp_IR.o
 .text          0x00000000        0x0 src/Sharp_IR.o
 .bss           0x00000000        0x0 src/Sharp_IR.o
 .text.IR_Read  0x00000000       0x32 src/Sharp_IR.o
 .debug_macro   0x00000000      0x5aa src/Sharp_IR.o
 .debug_macro   0x00000000       0x10 src/Sharp_IR.o
 .debug_macro   0x00000000      0x1ad src/Sharp_IR.o
 .debug_macro   0x00000000      0x293 src/Sharp_IR.o
 .debug_macro   0x00000000       0x9e src/Sharp_IR.o
 .debug_macro   0x00000000      0xbfa src/Sharp_IR.o
 .debug_macro   0x00000000      0x170 src/Sharp_IR.o
 .debug_macro   0x00000000       0xbd src/Sharp_IR.o
 .debug_macro   0x00000000       0x34 src/Sharp_IR.o
 .debug_macro   0x00000000       0x18 src/Sharp_IR.o
 .debug_macro   0x00000000       0x6c src/Sharp_IR.o
 .debug_macro   0x00000000       0x22 src/Sharp_IR.o
 .debug_macro   0x00000000      0x16c src/Sharp_IR.o
 .debug_macro   0x00000000       0x1c src/Sharp_IR.o
 .debug_macro   0x00000000       0x35 src/Sharp_IR.o
 .debug_macro   0x00000000       0x51 src/Sharp_IR.o
 .debug_macro   0x00000000      0x2ee src/Sharp_IR.o
 .debug_macro   0x00000000       0x44 src/Sharp_IR.o
 .debug_macro   0x00000000       0x69 src/Sharp_IR.o
 .debug_macro   0x00000000       0x2c src/Sharp_IR.o
 .debug_macro   0x00000000       0x10 src/Sharp_IR.o
 .debug_macro   0x00000000       0xd4 src/Sharp_IR.o
 .debug_macro   0x00000000       0x40 src/Sharp_IR.o
 .debug_macro   0x00000000      0x100 src/Sharp_IR.o
 .debug_macro   0x00000000      0x1dd src/Sharp_IR.o
 .debug_macro   0x00000000       0x10 src/Sharp_IR.o
 .debug_macro   0x00000000      0x167 src/Sharp_IR.o
 .debug_macro   0x00000000       0x3a src/Sharp_IR.o
 .group         0x00000000        0x8 src/UART.o
 .group         0x00000000        0x8 src/UART.o
 .group         0x00000000        0x8 src/UART.o
 .group         0x00000000        0x8 src/UART.o
 .group         0x00000000        0x8 src/UART.o
 .group         0x00000000        0x8 src/UART.o
 .group         0x00000000        0x8 src/UART.o
 .group         0x00000000        0x8 src/UART.o
 .group         0x00000000        0x8 src/UART.o
 .group         0x00000000        0x8 src/UART.o
 .group         0x00000000        0x8 src/UART.o
 .group         0x00000000        0x8 src/UART.o
 .group         0x00000000        0x8 src/UART.o
 .group         0x00000000        0x8 src/UART.o
 .group         0x00000000        0x8 src/UART.o
 .group         0x00000000        0x8 src/UART.o
 .group         0x00000000        0x8 src/UART.o
 .group         0x00000000        0x8 src/UART.o
 .group         0x00000000        0x8 src/UART.o
 .group         0x00000000        0x8 src/UART.o
 .group         0x00000000        0x8 src/UART.o
 .group         0x00000000        0x8 src/UART.o
 .group         0x00000000        0x8 src/UART.o
 .group         0x00000000        0x8 src/UART.o
 .group         0x00000000        0x8 src/UART.o
 .group         0x00000000        0x8 src/UART.o
 .group         0x00000000        0x8 src/UART.o
 .text          0x00000000        0x0 src/UART.o
 .bss           0x00000000        0x0 src/UART.o
 .text.UART_PutChar
                0x00000000        0xc src/UART.o
 .debug_macro   0x00000000      0x5aa src/UART.o
 .debug_macro   0x00000000       0x10 src/UART.o
 .debug_macro   0x00000000      0x1ad src/UART.o
 .debug_macro   0x00000000      0x293 src/UART.o
 .debug_macro   0x00000000       0x9e src/UART.o
 .debug_macro   0x00000000      0xbfa src/UART.o
 .debug_macro   0x00000000      0x170 src/UART.o
 .debug_macro   0x00000000       0xbd src/UART.o
 .debug_macro   0x00000000       0x34 src/UART.o
 .debug_macro   0x00000000       0x18 src/UART.o
 .debug_macro   0x00000000       0x6c src/UART.o
 .debug_macro   0x00000000       0x22 src/UART.o
 .debug_macro   0x00000000      0x16c src/UART.o
 .debug_macro   0x00000000       0x1c src/UART.o
 .debug_macro   0x00000000       0x35 src/UART.o
 .debug_macro   0x00000000       0x51 src/UART.o
 .debug_macro   0x00000000      0x2ee src/UART.o
 .debug_macro   0x00000000       0x44 src/UART.o
 .debug_macro   0x00000000       0x69 src/UART.o
 .debug_macro   0x00000000       0x2c src/UART.o
 .debug_macro   0x00000000       0x10 src/UART.o
 .debug_macro   0x00000000       0xd4 src/UART.o
 .debug_macro   0x00000000       0x40 src/UART.o
 .debug_macro   0x00000000      0x100 src/UART.o
 .debug_macro   0x00000000      0x1dd src/UART.o
 .debug_macro   0x00000000       0x10 src/UART.o
 .debug_macro   0x00000000      0x167 src/UART.o
 .group         0x00000000        0x8 src/Ultrasonic.o
 .group         0x00000000        0x8 src/Ultrasonic.o
 .group         0x00000000        0x8 src/Ultrasonic.o
 .group         0x00000000        0x8 src/Ultrasonic.o
 .group         0x00000000        0x8 src/Ultrasonic.o
 .group         0x00000000        0x8 src/Ultrasonic.o
 .group         0x00000000        0x8 src/Ultrasonic.o
 .group         0x00000000        0x8 src/Ultrasonic.o
 .group         0x00000000        0x8 src/Ultrasonic.o
 .group         0x00000000        0x8 src/Ultrasonic.o
 .group         0x00000000        0x8 src/Ultrasonic.o
 .group         0x00000000        0x8 src/Ultrasonic.o
 .group         0x00000000        0x8 src/Ultrasonic.o
 .group         0x00000000        0x8 src/Ultrasonic.o
 .group         0x00000000        0x8 src/Ultrasonic.o
 .group         0x00000000        0x8 src/Ultrasonic.o
 .group         0x00000000        0x8 src/Ultrasonic.o
 .group         0x00000000        0x8 src/Ultrasonic.o
 .group         0x00000000        0x8 src/Ultrasonic.o
 .group         0x00000000        0x8 src/Ultrasonic.o
 .group         0x00000000        0x8 src/Ultrasonic.o
 .group         0x00000000        0x8 src/Ultrasonic.o
 .group         0x00000000        0x8 src/Ultrasonic.o
 .group         0x00000000        0x8 src/Ultrasonic.o
 .group         0x00000000        0x8 src/Ultrasonic.o
 .group         0x00000000        0x8 src/Ultrasonic.o
 .group         0x00000000        0x8 src/Ultrasonic.o
 .group         0x00000000        0x8 src/Ultrasonic.o
 .group         0x00000000        0x8 src/Ultrasonic.o
 .text          0x00000000        0x0 src/Ultrasonic.o
 .bss           0x00000000        0x0 src/Ultrasonic.o
 .text.US_Read  0x00000000       0x70 src/Ultrasonic.o
 .debug_macro   0x00000000      0x5aa src/Ultrasonic.o
 .debug_macro   0x00000000       0x10 src/Ultrasonic.o
 .debug_macro   0x00000000      0x1ad src/Ultrasonic.o
 .debug_macro   0x00000000      0x293 src/Ultrasonic.o
 .debug_macro   0x00000000       0x9e src/Ultrasonic.o
 .debug_macro   0x00000000      0xbfa src/Ultrasonic.o
 .debug_macro   0x00000000      0x170 src/Ultrasonic.o
 .debug_macro   0x00000000       0xbd src/Ultrasonic.o
 .debug_macro   0x00000000       0x34 src/Ultrasonic.o
 .debug_macro   0x00000000       0x18 src/Ultrasonic.o
 .debug_macro   0x00000000       0x6c src/Ultrasonic.o
 .debug_macro   0x00000000       0x22 src/Ultrasonic.o
 .debug_macro   0x00000000      0x16c src/Ultrasonic.o
 .debug_macro   0x00000000       0x1c src/Ultrasonic.o
 .debug_macro   0x00000000       0x35 src/Ultrasonic.o
 .debug_macro   0x00000000       0x51 src/Ultrasonic.o
 .debug_macro   0x00000000      0x2ee src/Ultrasonic.o
 .debug_macro   0x00000000       0x44 src/Ultrasonic.o
 .debug_macro   0x00000000       0x69 src/Ultrasonic.o
 .debug_macro   0x00000000       0x2c src/Ultrasonic.o
 .debug_macro   0x00000000       0x10 src/Ultrasonic.o
 .debug_macro   0x00000000       0xd4 src/Ultrasonic.o
 .debug_macro   0x00000000       0x40 src/Ultrasonic.o
 .debug_macro   0x00000000      0x100 src/Ultrasonic.o
 .debug_macro   0x00000000      0x1dd src/Ultrasonic.o
 .debug_macro   0x00000000       0x10 src/Ultrasonic.o
 .debug_macro   0x00000000      0x167 src/Ultrasonic.o
 .debug_macro   0x00000000       0x88 src/Ultrasonic.o
 .debug_macro   0x00000000       0x3a src/Ultrasonic.o
 .text          0x00000000        0x0 c:/program files (x86)/atmel/atmel toolchain/avr8 gcc/native/3.4.2.1002/avr8-gnu-toolchain/bin/../lib/gcc/avr/4.7.2/avr5\libgcc.a(_udivmodhi4.o)
 .bss           0x00000000        0x0 c:/program files (x86)/atmel/atmel toolchain/avr8 gcc/native/3.4.2.1002/avr8-gnu-toolchain/bin/../lib/gcc/avr/4.7.2/avr5\libgcc.a(_udivmodhi4.o)
 .text.libgcc.mul
                0x00000000        0x0 c:/program files (x86)/atmel/atmel toolchain/avr8 gcc/native/3.4.2.1002/avr8-gnu-toolchain/bin/../lib/gcc/avr/4.7.2/avr5\libgcc.a(_udivmodhi4.o)
 .text.libgcc   0x00000000        0x0 c:/program files (x86)/atmel/atmel toolchain/avr8 gcc/native/3.4.2.1002/avr8-gnu-toolchain/bin/../lib/gcc/avr/4.7.2/avr5\libgcc.a(_udivmodhi4.o)
 .text.libgcc.prologue
                0x00000000        0x0 c:/program files (x86)/atmel/atmel toolchain/avr8 gcc/native/3.4.2.1002/avr8-gnu-toolchain/bin/../lib/gcc/avr/4.7.2/avr5\libgcc.a(_udivmodhi4.o)
 .text.libgcc.builtins
                0x00000000        0x0 c:/program files (x86)/atmel/atmel toolchain/avr8 gcc/native/3.4.2.1002/avr8-gnu-toolchain/bin/../lib/gcc/avr/4.7.2/avr5\libgcc.a(_udivmodhi4.o)
 .text.libgcc.fmul
                0x00000000        0x0 c:/program files (x86)/atmel/atmel toolchain/avr8 gcc/native/3.4.2.1002/avr8-gnu-toolchain/bin/../lib/gcc/avr/4.7.2/avr5\libgcc.a(_udivmodhi4.o)
 .text          0x00000000        0x0 c:/program files (x86)/atmel/atmel toolchain/avr8 gcc/native/3.4.2.1002/avr8-gnu-toolchain/bin/../lib/gcc/avr/4.7.2/avr5\libgcc.a(_divmodhi4.o)
 .bss           0x00000000        0x0 c:/program files (x86)/atmel/atmel toolchain/avr8 gcc/native/3.4.2.1002/avr8-gnu-toolchain/bin/../lib/gcc/avr/4.7.2/avr5\libgcc.a(_divmodhi4.o)
 .text.libgcc.mul
                0x00000000        0x0 c:/program files (x86)/atmel/atmel toolchain/avr8 gcc/native/3.4.2.1002/avr8-gnu-toolchain/bin/../lib/gcc/avr/4.7.2/avr5\libgcc.a(_divmodhi4.o)
 .text.libgcc   0x00000000        0x0 c:/program files (x86)/atmel/atmel toolchain/avr8 gcc/native/3.4.2.1002/avr8-gnu-toolchain/bin/../lib/gcc/avr/4.7.2/avr5\libgcc.a(_divmodhi4.o)
 .text.libgcc.prologue
                0x00000000        0x0 c:/program files (x86)/atmel/atmel toolchain/avr8 gcc/native/3.4.2.1002/avr8-gnu-toolchain/bin/../lib/gcc/avr/4.7.2/avr5\libgcc.a(_divmodhi4.o)
 .text.libgcc.builtins
                0x00000000        0x0 c:/program files (x86)/atmel/atmel toolchain/avr8 gcc/native/3.4.2.1002/avr8-gnu-toolchain/bin/../lib/gcc/avr/4.7.2/avr5\libgcc.a(_divmodhi4.o)
 .text.libgcc.fmul
                0x00000000        0x0 c:/program files (x86)/atmel/atmel toolchain/avr8 gcc/native/3.4.2.1002/avr8-gnu-toolchain/bin/../lib/gcc/avr/4.7.2/avr5\libgcc.a(_divmodhi4.o)
 .text          0x00000000        0x0 c:/program files (x86)/atmel/atmel toolchain/avr8 gcc/native/3.4.2.1002/avr8-gnu-toolchain/bin/../lib/gcc/avr/4.7.2/avr5\libgcc.a(_exit.o)
 .bss           0x00000000        0x0 c:/program files (x86)/atmel/atmel toolchain/avr8 gcc/native/3.4.2.1002/avr8-gnu-toolchain/bin/../lib/gcc/avr/4.7.2/avr5\libgcc.a(_exit.o)
 .text.libgcc.mul
                0x00000000        0x0 c:/program files (x86)/atmel/atmel toolchain/avr8 gcc/native/3.4.2.1002/avr8-gnu-toolchain/bin/../lib/gcc/avr/4.7.2/avr5\libgcc.a(_exit.o)
 .text.libgcc.div
                0x00000000        0x0 c:/program files (x86)/atmel/atmel toolchain/avr8 gcc/native/3.4.2.1002/avr8-gnu-toolchain/bin/../lib/gcc/avr/4.7.2/avr5\libgcc.a(_exit.o)
 .text.libgcc   0x00000000        0x0 c:/program files (x86)/atmel/atmel toolchain/avr8 gcc/native/3.4.2.1002/avr8-gnu-toolchain/bin/../lib/gcc/avr/4.7.2/avr5\libgcc.a(_exit.o)
 .text.libgcc.prologue
                0x00000000        0x0 c:/program files (x86)/atmel/atmel toolchain/avr8 gcc/native/3.4.2.1002/avr8-gnu-toolchain/bin/../lib/gcc/avr/4.7.2/avr5\libgcc.a(_exit.o)
 .text.libgcc.builtins
                0x00000000        0x0 c:/program files (x86)/atmel/atmel toolchain/avr8 gcc/native/3.4.2.1002/avr8-gnu-toolchain/bin/../lib/gcc/avr/4.7.2/avr5\libgcc.a(_exit.o)
 .text.libgcc.fmul
                0x00000000        0x0 c:/program files (x86)/atmel/atmel toolchain/avr8 gcc/native/3.4.2.1002/avr8-gnu-toolchain/bin/../lib/gcc/avr/4.7.2/avr5\libgcc.a(_exit.o)

Memory Configuration

Name             Origin             Length             Attributes
text             0x00000000         0x00020000         xr
data             0x00800060         0x0000ffa0         rw !x
eeprom           0x00810000         0x00010000         rw !x
fuse             0x00820000         0x00000400         rw !x
lock             0x00830000         0x00000400         rw !x
signature        0x00840000         0x00000400         rw !x
user_signatures  0x00850000         0x00000400         rw !x
*default*        0x00000000         0xffffffff

Linker script and memory map

LOAD c:/program files (x86)/atmel/atmel toolchain/avr8 gcc/native/3.4.2.1002/avr8-gnu-toolchain/bin/../lib/gcc/avr/4.7.2/../../../../avr/lib/avr5/crtm32.o
LOAD src/I2C.o
LOAD src/LCD_Disp.o
LOAD src/LED_Disp.o
LOAD src/main.o
LOAD src/ASF/mega/boards/stk600/rcx_x/init.o
LOAD src/Sharp_IR.o
LOAD src/UART.o
LOAD src/Ultrasonic.o
START GROUP
END GROUP
LOAD c:/program files (x86)/atmel/atmel toolchain/avr8 gcc/native/3.4.2.1002/avr8-gnu-toolchain/bin/../lib/gcc/avr/4.7.2/avr5\libgcc.a
LOAD c:/program files (x86)/atmel/atmel toolchain/avr8 gcc/native/3.4.2.1002/avr8-gnu-toolchain/bin/../lib/gcc/avr/4.7.2/../../../../avr/lib/avr5\libc.a
LOAD c:/program files (x86)/atmel/atmel toolchain/avr8 gcc/native/3.4.2.1002/avr8-gnu-toolchain/bin/../lib/gcc/avr/4.7.2/avr5\libgcc.a

.hash
 *(.hash)

.dynsym
 *(.dynsym)

.dynstr
 *(.dynstr)

.gnu.version
 *(.gnu.version)

.gnu.version_d
 *(.gnu.version_d)

.gnu.version_r
 *(.gnu.version_r)

.rel.init
 *(.rel.init)

.rela.init
 *(.rela.init)

.rel.text
 *(.rel.text)
 *(.rel.text.*)
 *(.rel.gnu.linkonce.t*)

.rela.text
 *(.rela.text)
 *(.rela.text.*)
 *(.rela.gnu.linkonce.t*)

.rel.fini
 *(.rel.fini)

.rela.fini
 *(.rela.fini)

.rel.rodata
 *(.rel.rodata)
 *(.rel.rodata.*)
 *(.rel.gnu.linkonce.r*)

.rela.rodata
 *(.rela.rodata)
 *(.rela.rodata.*)
 *(.rela.gnu.linkonce.r*)

.rel.data
 *(.rel.data)
 *(.rel.data.*)
 *(.rel.gnu.linkonce.d*)

.rela.data
 *(.rela.data)
 *(.rela.data.*)
 *(.rela.gnu.linkonce.d*)

.rel.ctors
 *(.rel.ctors)

.rela.ctors
 *(.rela.ctors)

.rel.dtors
 *(.rel.dtors)

.rela.dtors
 *(.rela.dtors)

.rel.got
 *(.rel.got)

.rela.got
 *(.rela.got)

.rel.bss
 *(.rel.bss)

.rela.bss
 *(.rela.bss)

.rel.plt
 *(.rel.plt)

.rela.plt
 *(.rela.plt)

.text           0x00000000      0x60c
 *(.vectors)
 .vectors       0x00000000       0x54 c:/program files (x86)/atmel/atmel toolchain/avr8 gcc/native/3.4.2.1002/avr8-gnu-toolchain/bin/../lib/gcc/avr/4.7.2/../../../../avr/lib/avr5/crtm32.o
                0x00000000                __vector_default
                0x00000000                __vectors
 *(.vectors)
 *(.progmem.gcc*)
 *(.progmem*)
                0x00000054                . = ALIGN (0x2)
                0x00000054                __trampolines_start = .
 *(.trampolines)
 .trampolines   0x00000054        0x0 linker stubs
 *(.trampolines*)
                0x00000054                __trampolines_end = .
 *(.jumptables)
 *(.jumptables*)
 *(.lowtext)
 *(.lowtext*)
                0x00000054                __ctors_start = .
 *(.ctors)
                0x00000054                __ctors_end = .
                0x00000054                __dtors_start = .
 *(.dtors)
                0x00000054                __dtors_end = .
 SORT(*)(.ctors)
 SORT(*)(.dtors)
 *(.init0)
 .init0         0x00000054        0x0 c:/program files (x86)/atmel/atmel toolchain/avr8 gcc/native/3.4.2.1002/avr8-gnu-toolchain/bin/../lib/gcc/avr/4.7.2/../../../../avr/lib/avr5/crtm32.o
                0x00000054                __init
 *(.init0)
 *(.init1)
 *(.init1)
 *(.init2)
 .init2         0x00000054        0xc c:/program files (x86)/atmel/atmel toolchain/avr8 gcc/native/3.4.2.1002/avr8-gnu-toolchain/bin/../lib/gcc/avr/4.7.2/../../../../avr/lib/avr5/crtm32.o
 *(.init2)
 *(.init3)
 *(.init3)
 *(.init4)
 *(.init4)
 *(.init5)
 *(.init5)
 *(.init6)
 *(.init6)
 *(.init7)
 *(.init7)
 *(.init8)
 *(.init8)
 *(.init9)
 .init9         0x00000060        0x4 c:/program files (x86)/atmel/atmel toolchain/avr8 gcc/native/3.4.2.1002/avr8-gnu-toolchain/bin/../lib/gcc/avr/4.7.2/../../../../avr/lib/avr5/crtm32.o
 *(.init9)
 *(.text)
 .text          0x00000064        0x2 c:/program files (x86)/atmel/atmel toolchain/avr8 gcc/native/3.4.2.1002/avr8-gnu-toolchain/bin/../lib/gcc/avr/4.7.2/../../../../avr/lib/avr5/crtm32.o
                0x00000064                __vector_1
                0x00000064                __vector_12
                0x00000064                __bad_interrupt
                0x00000064                __vector_6
                0x00000064                __vector_3
                0x00000064                __vector_11
                0x00000064                __vector_17
                0x00000064                __vector_19
                0x00000064                __vector_7
                0x00000064                __vector_5
                0x00000064                __vector_4
                0x00000064                __vector_9
                0x00000064                __vector_2
                0x00000064                __vector_15
                0x00000064                __vector_8
                0x00000064                __vector_14
                0x00000064                __vector_10
                0x00000064                __vector_16
                0x00000064                __vector_18
                0x00000064                __vector_20
                0x00000066                . = ALIGN (0x2)
 *(.text.*)
 .text.I2C_init
                0x00000066        0x8 src/I2C.o
                0x00000066                I2C_init
 .text.I2C_Start
                0x0000006e       0x3c src/I2C.o
                0x0000006e                I2C_Start
 .text.I2C_Stop
                0x000000aa        0xc src/I2C.o
                0x000000aa                I2C_Stop
 .text.I2C_Write
                0x000000b6       0x1a src/I2C.o
                0x000000b6                I2C_Write
 .text.togle_EN
                0x000000d0       0x32 src/LCD_Disp.o
                0x000000d0                togle_EN
 .text.LCD_Write
                0x00000102       0x3e src/LCD_Disp.o
                0x00000102                LCD_Write
 .text.LCD_init
                0x00000140       0x4a src/LCD_Disp.o
                0x00000140                LCD_init
 .text.startup.main
                0x0000018a      0x2ce src/main.o
                0x0000018a                main
 .text.IR_init  0x00000458        0xa src/Sharp_IR.o
                0x00000458                IR_init
 .text.Obstacle_Detect
                0x00000462       0xba src/Sharp_IR.o
                0x00000462                Obstacle_Detect
 .text.UART_init
                0x0000051c       0x18 src/UART.o
                0x0000051c                UART_init
 .text.UART_ReadChar
                0x00000534        0x8 src/UART.o
                0x00000534                UART_ReadChar
 .text.__vector_13
                0x0000053c       0x50 src/Ultrasonic.o
                0x0000053c                __vector_13
 .text.US_Read_ADC
                0x0000058c       0x2e src/Ultrasonic.o
                0x0000058c                US_Read_ADC
 .text.libgcc.div
                0x000005ba       0x28 c:/program files (x86)/atmel/atmel toolchain/avr8 gcc/native/3.4.2.1002/avr8-gnu-toolchain/bin/../lib/gcc/avr/4.7.2/avr5\libgcc.a(_udivmodhi4.o)
                0x000005ba                __udivmodhi4
 .text.libgcc.div
                0x000005e2       0x26 c:/program files (x86)/atmel/atmel toolchain/avr8 gcc/native/3.4.2.1002/avr8-gnu-toolchain/bin/../lib/gcc/avr/4.7.2/avr5\libgcc.a(_divmodhi4.o)
                0x000005e2                _div
                0x000005e2                __divmodhi4
                0x00000608                . = ALIGN (0x2)
 *(.fini9)
 .fini9         0x00000608        0x0 c:/program files (x86)/atmel/atmel toolchain/avr8 gcc/native/3.4.2.1002/avr8-gnu-toolchain/bin/../lib/gcc/avr/4.7.2/avr5\libgcc.a(_exit.o)
                0x00000608                _exit
                0x00000608                exit
 *(.fini9)
 *(.fini8)
 *(.fini8)
 *(.fini7)
 *(.fini7)
 *(.fini6)
 *(.fini6)
 *(.fini5)
 *(.fini5)
 *(.fini4)
 *(.fini4)
 *(.fini3)
 *(.fini3)
 *(.fini2)
 *(.fini2)
 *(.fini1)
 *(.fini1)
 *(.fini0)
 .fini0         0x00000608        0x4 c:/program files (x86)/atmel/atmel toolchain/avr8 gcc/native/3.4.2.1002/avr8-gnu-toolchain/bin/../lib/gcc/avr/4.7.2/avr5\libgcc.a(_exit.o)
 *(.fini0)
                0x0000060c                _etext = .

.data           0x00800060        0x0 load address 0x0000060c
                0x00800060                PROVIDE (__data_start, .)
 *(.data)
 .data          0x00800060        0x0 c:/program files (x86)/atmel/atmel toolchain/avr8 gcc/native/3.4.2.1002/avr8-gnu-toolchain/bin/../lib/gcc/avr/4.7.2/../../../../avr/lib/avr5/crtm32.o
 .data          0x00800060        0x0 src/I2C.o
 .data          0x00800060        0x0 src/LCD_Disp.o
 .data          0x00800060        0x0 src/LED_Disp.o
 .data          0x00800060        0x0 src/main.o
 .data          0x00800060        0x0 src/ASF/mega/boards/stk600/rcx_x/init.o
 .data          0x00800060        0x0 src/Sharp_IR.o
 .data          0x00800060        0x0 src/UART.o
 .data          0x00800060        0x0 src/Ultrasonic.o
 .data          0x00800060        0x0 c:/program files (x86)/atmel/atmel toolchain/avr8 gcc/native/3.4.2.1002/avr8-gnu-toolchain/bin/../lib/gcc/avr/4.7.2/avr5\libgcc.a(_udivmodhi4.o)
 .data          0x00800060        0x0 c:/program files (x86)/atmel/atmel toolchain/avr8 gcc/native/3.4.2.1002/avr8-gnu-toolchain/bin/../lib/gcc/avr/4.7.2/avr5\libgcc.a(_divmodhi4.o)
 .data          0x00800060        0x0 c:/program files (x86)/atmel/atmel toolchain/avr8 gcc/native/3.4.2.1002/avr8-gnu-toolchain/bin/../lib/gcc/avr/4.7.2/avr5\libgcc.a(_exit.o)
 *(.data*)
 *(.rodata)
 *(.rodata*)
 *(.gnu.linkonce.d*)
                0x00800060                . = ALIGN (0x2)
                0x00800060                _edata = .
                0x00800060                PROVIDE (__data_end, .)

.bss            0x00800060        0x0
                0x00800060                PROVIDE (__bss_start, .)
 *(.bss)
 *(.bss*)
 *(COMMON)
                0x00800060                PROVIDE (__bss_end, .)
                0x0000060c                __data_load_start = LOADADDR (.data)
                0x0000060c                __data_load_end = (__data_load_start + SIZEOF (.data))

.noinit         0x00800060        0x0
                0x00800060                PROVIDE (__noinit_start, .)
 *(.noinit*)
                0x00800060                PROVIDE (__noinit_end, .)
                0x00800060                _end = .
                0x00800060                PROVIDE (__heap_start, .)

.eeprom         0x00810000        0x0
 *(.eeprom*)
                0x00810000                __eeprom_end = .

.fuse
 *(.fuse)
 *(.lfuse)
 *(.hfuse)
 *(.efuse)

.lock
 *(.lock*)

.signature
 *(.signature*)

.user_signatures
 *(.user_signatures*)

.stab           0x00000000      0x6cc
 *(.stab)
 .stab          0x00000000      0x6cc c:/program files (x86)/atmel/atmel toolchain/avr8 gcc/native/3.4.2.1002/avr8-gnu-toolchain/bin/../lib/gcc/avr/4.7.2/../../../../avr/lib/avr5/crtm32.o

.stabstr        0x00000000       0x97
 *(.stabstr)
 .stabstr       0x00000000       0x97 c:/program files (x86)/atmel/atmel toolchain/avr8 gcc/native/3.4.2.1002/avr8-gnu-toolchain/bin/../lib/gcc/avr/4.7.2/../../../../avr/lib/avr5/crtm32.o

.stab.excl
 *(.stab.excl)

.stab.exclstr
 *(.stab.exclstr)

.stab.index
 *(.stab.index)

.stab.indexstr
 *(.stab.indexstr)

.comment        0x00000000       0x2f
 *(.comment)
 .comment       0x00000000       0x2f src/I2C.o
                                 0x30 (size before relaxing)
 .comment       0x00000000       0x30 src/LCD_Disp.o
 .comment       0x00000000       0x30 src/LED_Disp.o
 .comment       0x00000000       0x30 src/main.o
 .comment       0x00000000       0x30 src/ASF/mega/boards/stk600/rcx_x/init.o
 .comment       0x00000000       0x30 src/Sharp_IR.o
 .comment       0x00000000       0x30 src/UART.o
 .comment       0x00000000       0x30 src/Ultrasonic.o

.debug
 *(.debug)

.line
 *(.line)

.debug_srcinfo
 *(.debug_srcinfo)

.debug_sfnames
 *(.debug_sfnames)

.debug_aranges  0x00000000      0x1a8
 *(.debug_aranges)
 .debug_aranges
                0x00000000       0x58 src/I2C.o
 .debug_aranges
                0x00000058       0x50 src/LCD_Disp.o
 .debug_aranges
                0x000000a8       0x30 src/LED_Disp.o
 .debug_aranges
                0x000000d8       0x20 src/main.o
 .debug_aranges
                0x000000f8       0x20 src/ASF/mega/boards/stk600/rcx_x/init.o
 .debug_aranges
                0x00000118       0x30 src/Sharp_IR.o
 .debug_aranges
                0x00000148       0x30 src/UART.o
 .debug_aranges
                0x00000178       0x30 src/Ultrasonic.o

.debug_pubnames
 *(.debug_pubnames)

.debug_info     0x00000000     0x1b86
 *(.debug_info)
 .debug_info    0x00000000      0x1c8 src/I2C.o
 .debug_info    0x000001c8      0x6c5 src/LCD_Disp.o
 .debug_info    0x0000088d      0x9b1 src/LED_Disp.o
 .debug_info    0x0000123e      0x36a src/main.o
 .debug_info    0x000015a8       0x7c src/ASF/mega/boards/stk600/rcx_x/init.o
 .debug_info    0x00001624      0x1a3 src/Sharp_IR.o
 .debug_info    0x000017c7       0xdd src/UART.o
 .debug_info    0x000018a4      0x2e2 src/Ultrasonic.o
 *(.gnu.linkonce.wi.*)

.debug_abbrev   0x00000000      0x8fc
 *(.debug_abbrev)
 .debug_abbrev  0x00000000       0xc2 src/I2C.o
 .debug_abbrev  0x000000c2      0x1b7 src/LCD_Disp.o
 .debug_abbrev  0x00000279      0x154 src/LED_Disp.o
 .debug_abbrev  0x000003cd      0x191 src/main.o
 .debug_abbrev  0x0000055e       0x47 src/ASF/mega/boards/stk600/rcx_x/init.o
 .debug_abbrev  0x000005a5      0x10c src/Sharp_IR.o
 .debug_abbrev  0x000006b1       0x8e src/UART.o
 .debug_abbrev  0x0000073f      0x1bd src/Ultrasonic.o

.debug_line     0x00000000     0x2af6
 *(.debug_line)
 .debug_line    0x00000000      0x583 src/I2C.o
 .debug_line    0x00000583      0x5b4 src/LCD_Disp.o
 .debug_line    0x00000b37      0x60a src/LED_Disp.o
 .debug_line    0x00001141      0x779 src/main.o
 .debug_line    0x000018ba      0x38f src/ASF/mega/boards/stk600/rcx_x/init.o
 .debug_line    0x00001c49      0x4f6 src/Sharp_IR.o
 .debug_line    0x0000213f      0x498 src/UART.o
 .debug_line    0x000025d7      0x51f src/Ultrasonic.o

.debug_frame    0x00000000      0x354
 *(.debug_frame)
 .debug_frame   0x00000000       0x94 src/I2C.o
 .debug_frame   0x00000094       0xc8 src/LCD_Disp.o
 .debug_frame   0x0000015c       0x50 src/LED_Disp.o
 .debug_frame   0x000001ac       0x34 src/main.o
 .debug_frame   0x000001e0       0x24 src/ASF/mega/boards/stk600/rcx_x/init.o
 .debug_frame   0x00000204       0x70 src/Sharp_IR.o
 .debug_frame   0x00000274       0x44 src/UART.o
 .debug_frame   0x000002b8       0x9c src/Ultrasonic.o

.debug_str      0x00000000     0xb519
 *(.debug_str)
 .debug_str     0x00000000     0x4a42 src/I2C.o
                               0x4adf (size before relaxing)
 .debug_str     0x00004a42     0x6698 src/LCD_Disp.o
                               0xaf41 (size before relaxing)
 .debug_str     0x0000b0da      0x101 src/LED_Disp.o
                               0xaece (size before relaxing)
 .debug_str     0x0000b1db      0x262 src/main.o
                               0xb18b (size before relaxing)
 .debug_str     0x0000b43d       0x44 src/ASF/mega/boards/stk600/rcx_x/init.o
                               0xa9bb (size before relaxing)
 .debug_str     0x0000b481       0x3a src/Sharp_IR.o
                               0xae57 (size before relaxing)
 .debug_str     0x0000b4bb       0x2e src/UART.o
                               0xadcb (size before relaxing)
 .debug_str     0x0000b4e9       0x30 src/Ultrasonic.o
                               0xaff8 (size before relaxing)

.debug_loc      0x00000000      0xdf7
 *(.debug_loc)
 .debug_loc     0x00000000      0x101 src/I2C.o
 .debug_loc     0x00000101      0x30d src/LCD_Disp.o
 .debug_loc     0x0000040e      0x224 src/LED_Disp.o
 .debug_loc     0x00000632      0x457 src/main.o
 .debug_loc     0x00000a89      0x169 src/Sharp_IR.o
 .debug_loc     0x00000bf2       0x45 src/UART.o
 .debug_loc     0x00000c37      0x1c0 src/Ultrasonic.o

.debug_macinfo
 *(.debug_macinfo)

.debug_pubtypes
 *(.debug_pubtypes)

.debug_ranges   0x00000000      0x170
 *(.debug_ranges)
 .debug_ranges  0x00000000       0x48 src/I2C.o
 .debug_ranges  0x00000048       0x88 src/LCD_Disp.o
 .debug_ranges  0x000000d0       0x20 src/LED_Disp.o
 .debug_ranges  0x000000f0       0x10 src/main.o
 .debug_ranges  0x00000100       0x10 src/ASF/mega/boards/stk600/rcx_x/init.o
 .debug_ranges  0x00000110       0x20 src/Sharp_IR.o
 .debug_ranges  0x00000130       0x20 src/UART.o
 .debug_ranges  0x00000150       0x20 src/Ultrasonic.o

.debug_macro    0x00000000     0x32ae
 *(.debug_macro)
 .debug_macro   0x00000000       0xaa src/I2C.o
 .debug_macro   0x000000aa      0x5aa src/I2C.o
 .debug_macro   0x00000654      0x1ad src/I2C.o
 .debug_macro   0x00000801      0x293 src/I2C.o
 .debug_macro   0x00000a94       0xaa src/I2C.o
 .debug_macro   0x00000b3e      0xbfa src/I2C.o
 .debug_macro   0x00001738      0x170 src/I2C.o
 .debug_macro   0x000018a8       0xbd src/I2C.o
 .debug_macro   0x00001965       0x34 src/I2C.o
 .debug_macro   0x00001999       0x18 src/I2C.o
 .debug_macro   0x000019b1       0x6c src/I2C.o
 .debug_macro   0x00001a1d       0xd7 src/I2C.o
 .debug_macro   0x00001af4       0x10 src/I2C.o
 .debug_macro   0x00001b04      0x178 src/LCD_Disp.o
 .debug_macro   0x00001c7c       0x10 src/LCD_Disp.o
 .debug_macro   0x00001c8c       0x9e src/LCD_Disp.o
 .debug_macro   0x00001d2a       0x22 src/LCD_Disp.o
 .debug_macro   0x00001d4c      0x16c src/LCD_Disp.o
 .debug_macro   0x00001eb8       0x1c src/LCD_Disp.o
 .debug_macro   0x00001ed4       0x35 src/LCD_Disp.o
 .debug_macro   0x00001f09       0x51 src/LCD_Disp.o
 .debug_macro   0x00001f5a      0x2ee src/LCD_Disp.o
 .debug_macro   0x00002248       0x44 src/LCD_Disp.o
 .debug_macro   0x0000228c       0x69 src/LCD_Disp.o
 .debug_macro   0x000022f5       0x2c src/LCD_Disp.o
 .debug_macro   0x00002321       0x10 src/LCD_Disp.o
 .debug_macro   0x00002331       0xd4 src/LCD_Disp.o
 .debug_macro   0x00002405       0x40 src/LCD_Disp.o
 .debug_macro   0x00002445      0x100 src/LCD_Disp.o
 .debug_macro   0x00002545      0x1dd src/LCD_Disp.o
 .debug_macro   0x00002722       0x10 src/LCD_Disp.o
 .debug_macro   0x00002732      0x167 src/LCD_Disp.o
 .debug_macro   0x00002899       0x3a src/LCD_Disp.o
 .debug_macro   0x000028d3      0x16f src/LED_Disp.o
 .debug_macro   0x00002a42       0x64 src/LED_Disp.o
 .debug_macro   0x00002aa6      0x1a7 src/main.o
 .debug_macro   0x00002c4d       0x88 src/main.o
 .debug_macro   0x00002cd5       0x3a src/main.o
 .debug_macro   0x00002d0f      0x134 src/ASF/mega/boards/stk600/rcx_x/init.o
 .debug_macro   0x00002e43      0x16f src/Sharp_IR.o
 .debug_macro   0x00002fb2      0x170 src/UART.o
 .debug_macro   0x00003122      0x18c src/Ultrasonic.o
OUTPUT(paska.elf elf32-avr)
LOAD linker stubs
